18:22:07.508 [main] INFO com.ascend.testlab.MainLauncher -- Starting Application..........
18:22:07.534 [main] DEBUG io.vertx.core.logging.LoggerFactory -- Using io.vertx.core.logging.SLF4JLogDelegateFactory
18:22:07.544 [main] DEBUG io.netty.util.internal.logging.InternalLoggerFactory -- Using SLF4J as the default logging framework
18:22:07.553 [main] DEBUG io.netty.util.internal.PlatformDependent0 -- -Dio.netty.noUnsafe: false
18:22:07.553 [main] DEBUG io.netty.util.internal.PlatformDependent0 -- Java version: 17
18:22:07.553 [main] DEBUG io.netty.util.internal.PlatformDependent0 -- sun.misc.Unsafe.theUnsafe: available
18:22:07.553 [main] DEBUG io.netty.util.internal.PlatformDependent0 -- sun.misc.Unsafe.copyMemory: available
18:22:07.554 [main] DEBUG io.netty.util.internal.PlatformDependent0 -- sun.misc.Unsafe.storeFence: available
18:22:07.554 [main] DEBUG io.netty.util.internal.PlatformDependent0 -- java.nio.Buffer.address: available
18:22:07.554 [main] DEBUG io.netty.util.internal.PlatformDependent0 -- direct buffer constructor: unavailable: Reflective setAccessible(true) disabled
18:22:07.554 [main] DEBUG io.netty.util.internal.PlatformDependent0 -- java.nio.Bits.unaligned: available, true
18:22:07.554 [main] DEBUG io.netty.util.internal.PlatformDependent0 -- jdk.internal.misc.Unsafe.allocateUninitializedArray(int): unavailable: class io.netty.util.internal.PlatformDependent0$7 cannot access class jdk.internal.misc.Unsafe (in module java.base) because module java.base does not export jdk.internal.misc to unnamed module @46805db7
18:22:07.555 [main] DEBUG io.netty.util.internal.PlatformDependent0 -- java.nio.DirectByteBuffer.<init>(long, {int,long}): unavailable
18:22:07.555 [main] DEBUG io.netty.util.internal.PlatformDependent -- sun.misc.Unsafe: available
18:22:07.555 [main] DEBUG io.netty.util.internal.PlatformDependent -- -Dio.netty.tmpdir: /var/folders/xp/nmx5ymzd2x59y_zyvrlq2j7m0000gp/T (java.io.tmpdir)
18:22:07.555 [main] DEBUG io.netty.util.internal.PlatformDependent -- -Dio.netty.bitMode: 64 (sun.arch.data.model)
18:22:07.555 [main] DEBUG io.netty.util.internal.PlatformDependent -- Platform: MacOS
18:22:07.556 [main] DEBUG io.netty.util.internal.PlatformDependent -- -Dio.netty.maxDirectMemory: -1 bytes
18:22:07.556 [main] DEBUG io.netty.util.internal.PlatformDependent -- -Dio.netty.uninitializedArrayAllocationThreshold: -1
18:22:07.556 [main] DEBUG io.netty.util.internal.CleanerJava9 -- java.nio.ByteBuffer.cleaner(): available
18:22:07.556 [main] DEBUG io.netty.util.internal.PlatformDependent -- -Dio.netty.noPreferDirect: false
18:22:07.559 [main] DEBUG io.netty.util.internal.NativeLibraryLoader -- -Dio.netty.native.workdir: /var/folders/xp/nmx5ymzd2x59y_zyvrlq2j7m0000gp/T (io.netty.tmpdir)
18:22:07.559 [main] DEBUG io.netty.util.internal.NativeLibraryLoader -- -Dio.netty.native.deleteLibAfterLoading: true
18:22:07.559 [main] DEBUG io.netty.util.internal.NativeLibraryLoader -- -Dio.netty.native.tryPatchShadedId: true
18:22:07.559 [main] DEBUG io.netty.util.internal.NativeLibraryLoader -- -Dio.netty.native.detectNativeLibraryDuplicates: true
18:22:07.619 [main] DEBUG io.netty.util.ResourceLeakDetector -- -Dio.netty.leakDetection.level: simple
18:22:07.619 [main] DEBUG io.netty.util.ResourceLeakDetector -- -Dio.netty.leakDetection.targetRecords: 4
18:22:07.630 [main] DEBUG io.netty.channel.MultithreadEventLoopGroup -- -Dio.netty.eventLoopThreads: 28
18:22:07.633 [main] DEBUG io.netty.util.concurrent.GlobalEventExecutor -- -Dio.netty.globalEventExecutor.quietPeriodSeconds: 1
18:22:07.636 [main] DEBUG io.netty.util.internal.InternalThreadLocalMap -- -Dio.netty.threadLocalMap.stringBuilder.initialSize: 1024
18:22:07.636 [main] DEBUG io.netty.util.internal.InternalThreadLocalMap -- -Dio.netty.threadLocalMap.stringBuilder.maxSize: 4096
18:22:07.638 [main] DEBUG io.netty.channel.nio.NioEventLoop -- -Dio.netty.noKeySetOptimization: false
18:22:07.638 [main] DEBUG io.netty.channel.nio.NioEventLoop -- -Dio.netty.selectorAutoRebuildThreshold: 512
18:22:07.640 [main] DEBUG io.netty.util.internal.PlatformDependent -- org.jctools-core.MpscChunkedArrayQueue: available
18:22:07.643 [main] DEBUG io.netty.resolver.dns.DefaultDnsServerAddressStreamProvider -- Default DNS servers: [/192.168.48.99:53, /192.168.48.100:53] (sun.net.dns.ResolverConfiguration)
18:22:07.645 [main] DEBUG io.netty.util.NetUtil -- -Djava.net.preferIPv4Stack: false
18:22:07.646 [main] DEBUG io.netty.util.NetUtil -- -Djava.net.preferIPv6Addresses: false
18:22:07.648 [main] DEBUG io.netty.util.NetUtilInitializations -- Loopback interface: lo0 (lo0, 0:0:0:0:0:0:0:1%lo0)
18:22:07.648 [main] DEBUG io.netty.util.NetUtil -- Failed to get SOMAXCONN from sysctl and file /proc/sys/net/core/somaxconn. Default: 128
18:22:07.652 [main] DEBUG io.netty.resolver.dns.DnsNameResolver -- Default ResolvedAddressTypes: IPV4_ONLY
18:22:07.652 [main] DEBUG io.netty.resolver.dns.DnsNameResolver -- Localhost address: localhost/127.0.0.1
18:22:07.652 [main] DEBUG io.netty.resolver.dns.DnsNameResolver -- Windows hostname: null
18:22:07.653 [main] DEBUG io.netty.resolver.dns.DnsNameResolver -- Default search domains: []
18:22:07.654 [main] DEBUG io.netty.resolver.dns.DnsNameResolver -- Default UnixResolverOptions{ndots=1, timeout=5, attempts=16}
18:22:07.656 [main] DEBUG io.netty.resolver.DefaultHostsFileEntriesResolver -- -Dio.netty.hostsFileRefreshInterval: 0
18:22:07.656 [main] WARN io.netty.resolver.dns.DnsServerAddressStreamProviders -- Can not find io.netty.resolver.dns.macos.MacOSDnsServerAddressStreamProvider in the classpath, fallback to system defaults. This may result in incorrect DNS resolutions on MacOS. Check whether you have a dependency on 'io.netty:netty-resolver-dns-native-macos'
18:22:07.663 [main] INFO com.ascend.testlab.MainLauncher -- Initializing Guice Modules..........
18:22:07.803 [main] DEBUG com.ascend.testlab.util.ConfigUtil -- Loading config from file config/circuit-breaker/%s.conf : Config(SimpleConfigObject({"app":{"environment":"test"},"failureRateThreshold":50,"file":{"encoding":"UTF-8","separator":"/"},"java":{"class":{"path":"target/testlab/testlab-1.0-fat.jar","version":"61.0"},"home":"/Users/ravipandey/Library/Java/JavaVirtualMachines/corretto-17.0.11/Contents/Home","io":{"tmpdir":"/var/folders/xp/nmx5ymzd2x59y_zyvrlq2j7m0000gp/T/"},"library":{"path":"/Users/ravipandey/Library/Java/Extensions:/Library/Java/Extensions:/Network/Library/Java/Extensions:/System/Library/Java/Extensions:/usr/lib/java:."},"runtime":{"name":"OpenJDK Runtime Environment","version":"17.0.11+9-LTS"},"specification":{"name":"Java Platform API Specification","vendor":"Oracle Corporation","version":"17"},"vendor":{"url":{"bug":"https://github.com/corretto/corretto-17/issues/"},"version":"Corretto-17.0.11.9.1"},"version":"17.0.11","vm":{"compressedOopsMode":"Zero based","info":"mixed mode, sharing","name":"OpenJDK 64-Bit Server VM","specification":{"name":"Java Virtual Machine Specification","vendor":"Oracle Corporation","version":"17"},"vendor":"Amazon.com Inc.","version":"17.0.11+9-LTS"}},"jdk":{"debug":"release"},"line":{"separator":"\n"},"minimumNumberOfCalls":20,"native":{"encoding":"UTF-8"},"os":{"arch":"aarch64","name":"Mac OS X","version":"15.4.1"},"path":{"separator":":"},"permittedNumberOfCallsInHalfOpenState":10,"slidingWindowSize":40,"slowCallDurationThreshold":400,"slowCallRateThreshold":50,"sun":{"arch":{"data":{"model":"64"}},"boot":{"library":{"path":"/Users/ravipandey/Library/Java/JavaVirtualMachines/corretto-17.0.11/Contents/Home/lib"}},"cpu":{"endian":"little"},"io":{"unicode":{"encoding":"UnicodeBig"}},"java":{"command":"target/testlab/testlab-1.0-fat.jar","launcher":"SUN_STANDARD"},"jnu":{"encoding":"UTF-8"},"management":{"compiler":"HotSpot 64-Bit Tiered Compilers"}},"user":{"country":"IN","dir":"/Users/ravipandey/work/horizon/testlab","home":"/Users/ravipandey","language":"en","name":"ravipandey","timezone":"Asia/Kolkata"},"waitDurationInOpenState":15000}))
18:22:07.807 [main] DEBUG com.ascend.testlab.util.ConfigUtil -- Loaded Config: CircuitBreakerConfig(failureRateThreshold=50, slowCallRateThreshold=50, waitDurationInOpenState=15000, slowCallDurationThreshold=400, permittedNumberOfCallsInHalfOpenState=10, minimumNumberOfCalls=20, slidingWindowSize=40)
18:22:07.817 [main] DEBUG com.ascend.testlab.util.ConfigUtil -- Loading config from file config/application/%s.conf : Config(SimpleConfigObject({"app":{"environment":"test"},"file":{"encoding":"UTF-8","separator":"/"},"java":{"class":{"path":"target/testlab/testlab-1.0-fat.jar","version":"61.0"},"home":"/Users/ravipandey/Library/Java/JavaVirtualMachines/corretto-17.0.11/Contents/Home","io":{"tmpdir":"/var/folders/xp/nmx5ymzd2x59y_zyvrlq2j7m0000gp/T/"},"library":{"path":"/Users/ravipandey/Library/Java/Extensions:/Library/Java/Extensions:/Network/Library/Java/Extensions:/System/Library/Java/Extensions:/usr/lib/java:."},"runtime":{"name":"OpenJDK Runtime Environment","version":"17.0.11+9-LTS"},"specification":{"name":"Java Platform API Specification","vendor":"Oracle Corporation","version":"17"},"vendor":{"url":{"bug":"https://github.com/corretto/corretto-17/issues/"},"version":"Corretto-17.0.11.9.1"},"version":"17.0.11","vm":{"compressedOopsMode":"Zero based","info":"mixed mode, sharing","name":"OpenJDK 64-Bit Server VM","specification":{"name":"Java Virtual Machine Specification","vendor":"Oracle Corporation","version":"17"},"vendor":"Amazon.com Inc.","version":"17.0.11+9-LTS"}},"jdk":{"debug":"release"},"line":{"separator":"\n"},"native":{"encoding":"UTF-8"},"os":{"arch":"aarch64","name":"Mac OS X","version":"15.4.1"},"path":{"separator":":"},"sun":{"arch":{"data":{"model":"64"}},"boot":{"library":{"path":"/Users/ravipandey/Library/Java/JavaVirtualMachines/corretto-17.0.11/Contents/Home/lib"}},"cpu":{"endian":"little"},"io":{"unicode":{"encoding":"UnicodeBig"}},"java":{"command":"target/testlab/testlab-1.0-fat.jar","launcher":"SUN_STANDARD"},"jnu":{"encoding":"UTF-8"},"management":{"compiler":"HotSpot 64-Bit Tiered Compilers"}},"user":{"country":"IN","dir":"/Users/ravipandey/work/horizon/testlab","home":"/Users/ravipandey","language":"en","name":"ravipandey","timezone":"Asia/Kolkata"}}))
18:22:07.817 [main] DEBUG com.ascend.testlab.util.ConfigUtil -- Loaded Config: ApplicationConfig()
18:22:07.818 [main] DEBUG com.ascend.testlab.util.ConfigUtil -- Loading config from file config/http-server/%s.conf : Config(SimpleConfigObject({"app":{"environment":"test"},"compressionLevel":1,"compressionSupported":false,"file":{"encoding":"UTF-8","separator":"/"},"host":"0.0.0.0","idleTimeout":8,"java":{"class":{"path":"target/testlab/testlab-1.0-fat.jar","version":"61.0"},"home":"/Users/ravipandey/Library/Java/JavaVirtualMachines/corretto-17.0.11/Contents/Home","io":{"tmpdir":"/var/folders/xp/nmx5ymzd2x59y_zyvrlq2j7m0000gp/T/"},"library":{"path":"/Users/ravipandey/Library/Java/Extensions:/Library/Java/Extensions:/Network/Library/Java/Extensions:/System/Library/Java/Extensions:/usr/lib/java:."},"runtime":{"name":"OpenJDK Runtime Environment","version":"17.0.11+9-LTS"},"specification":{"name":"Java Platform API Specification","vendor":"Oracle Corporation","version":"17"},"vendor":{"url":{"bug":"https://github.com/corretto/corretto-17/issues/"},"version":"Corretto-17.0.11.9.1"},"version":"17.0.11","vm":{"compressedOopsMode":"Zero based","info":"mixed mode, sharing","name":"OpenJDK 64-Bit Server VM","specification":{"name":"Java Virtual Machine Specification","vendor":"Oracle Corporation","version":"17"},"vendor":"Amazon.com Inc.","version":"17.0.11+9-LTS"}},"jdk":{"debug":"release"},"line":{"separator":"\n"},"logActivity":false,"native":{"encoding":"UTF-8"},"os":{"arch":"aarch64","name":"Mac OS X","version":"15.4.1"},"path":{"separator":":"},"port":8080,"reuseAddress":true,"reusePort":true,"sun":{"arch":{"data":{"model":"64"}},"boot":{"library":{"path":"/Users/ravipandey/Library/Java/JavaVirtualMachines/corretto-17.0.11/Contents/Home/lib"}},"cpu":{"endian":"little"},"io":{"unicode":{"encoding":"UnicodeBig"}},"java":{"command":"target/testlab/testlab-1.0-fat.jar","launcher":"SUN_STANDARD"},"jnu":{"encoding":"UTF-8"},"management":{"compiler":"HotSpot 64-Bit Tiered Compilers"}},"tcpFastOpen":true,"tcpKeepAlive":true,"tcpNoDelay":true,"tcpQuickAck":true,"useAlpn":false,"user":{"country":"IN","dir":"/Users/ravipandey/work/horizon/testlab","home":"/Users/ravipandey","language":"en","name":"ravipandey","timezone":"Asia/Kolkata"}}))
18:22:07.820 [main] DEBUG com.ascend.testlab.util.ConfigUtil -- Loaded Config: HttpServerConfig(host=0.0.0.0, port=8080, compressionLevel=1, compressionSupported=false, idleTimeout=8, logActivity=false, reusePort=true, reuseAddress=true, tcpFastOpen=true, tcpNoDelay=true, tcpQuickAck=true, tcpKeepAlive=true, useAlpn=false)
18:22:07.826 [main] DEBUG com.ascend.testlab.util.ConfigUtil -- Loading config from file config/webclient/%s.conf : Config(SimpleConfigObject({"app":{"environment":"test"},"connectTimeout":1000,"file":{"encoding":"UTF-8","separator":"/"},"java":{"class":{"path":"target/testlab/testlab-1.0-fat.jar","version":"61.0"},"home":"/Users/ravipandey/Library/Java/JavaVirtualMachines/corretto-17.0.11/Contents/Home","io":{"tmpdir":"/var/folders/xp/nmx5ymzd2x59y_zyvrlq2j7m0000gp/T/"},"library":{"path":"/Users/ravipandey/Library/Java/Extensions:/Library/Java/Extensions:/Network/Library/Java/Extensions:/System/Library/Java/Extensions:/usr/lib/java:."},"runtime":{"name":"OpenJDK Runtime Environment","version":"17.0.11+9-LTS"},"specification":{"name":"Java Platform API Specification","vendor":"Oracle Corporation","version":"17"},"vendor":{"url":{"bug":"https://github.com/corretto/corretto-17/issues/"},"version":"Corretto-17.0.11.9.1"},"version":"17.0.11","vm":{"compressedOopsMode":"Zero based","info":"mixed mode, sharing","name":"OpenJDK 64-Bit Server VM","specification":{"name":"Java Virtual Machine Specification","vendor":"Oracle Corporation","version":"17"},"vendor":"Amazon.com Inc.","version":"17.0.11+9-LTS"}},"jdk":{"debug":"release"},"keepAlive":true,"keepAliveTimeout":10,"line":{"separator":"\n"},"logActivity":false,"maxPoolSize":32,"maxWaitQueueSize":100,"native":{"encoding":"UTF-8"},"os":{"arch":"aarch64","name":"Mac OS X","version":"15.4.1"},"path":{"separator":":"},"pipelining":false,"pipeliningLimit":8,"sun":{"arch":{"data":{"model":"64"}},"boot":{"library":{"path":"/Users/ravipandey/Library/Java/JavaVirtualMachines/corretto-17.0.11/Contents/Home/lib"}},"cpu":{"endian":"little"},"io":{"unicode":{"encoding":"UnicodeBig"}},"java":{"command":"target/testlab/testlab-1.0-fat.jar","launcher":"SUN_STANDARD"},"jnu":{"encoding":"UTF-8"},"management":{"compiler":"HotSpot 64-Bit Tiered Compilers"}},"user":{"country":"IN","dir":"/Users/ravipandey/work/horizon/testlab","home":"/Users/ravipandey","language":"en","name":"ravipandey","timezone":"Asia/Kolkata"}}))
18:22:07.827 [main] DEBUG com.ascend.testlab.util.ConfigUtil -- Loaded Config: WebClientConfig(connectTimeout=1000, maxPoolSize=32, logActivity=false, keepAlive=true, keepAliveTimeout=10, maxWaitQueueSize=100, pipelining=false, pipeliningLimit=8)
Exception in thread "main" com.google.inject.CreationException: Unable to create injector, see the following errors:

1) [Guice/ErrorInCustomProvider]: ConfigException$UnresolvedSubstitution: config/aerospike/test.conf @ jar:file:/Users/ravipandey/work/horizon/testlab/target/testlab/testlab-1.0-fat.jar!/config/aerospike/test.conf: 2: Could not resolve substitution to a value: ${aerospike.port}
  at ServiceModule.bindConfigs(ServiceModule.java:53)
  while locating AerospikeConfig

Learn more:
  https://github.com/google/guice/wiki/ERROR_IN_CUSTOM_PROVIDER
Caused by: ConfigException$UnresolvedSubstitution: config/aerospike/test.conf @ jar:file:/Users/ravipandey/work/horizon/testlab/target/testlab/testlab-1.0-fat.jar!/config/aerospike/test.conf: 2: Could not resolve substitution to a value: ${aerospike.port}
	at ConfigReference.resolveSubstitutions(ConfigReference.java:111)
	at ResolveContext.realResolve(ResolveContext.java:183)
	at ResolveContext.resolve(ResolveContext.java:146)
	at SimpleConfigObject$ResolveModifier.modifyChildMayThrow(SimpleConfigObject.java:380)
	at SimpleConfigObject.modifyMayThrow(SimpleConfigObject.java:313)
	at SimpleConfigObject.resolveSubstitutions(SimpleConfigObject.java:399)
	at ResolveContext.realResolve(ResolveContext.java:183)
	at ResolveContext.resolve(ResolveContext.java:146)
	at ResolveContext.resolve(ResolveContext.java:235)
	at SimpleConfig.resolveWith(SimpleConfig.java:79)
	at SimpleConfig.resolve(SimpleConfig.java:69)
	at SimpleConfig.resolve(SimpleConfig.java:42)
	at ConfigFactory.load(ConfigFactory.java:219)
	at ConfigFactory.load(ConfigFactory.java:119)
	at ConfigFactory.load(ConfigFactory.java:79)
	at ConfigUtil.getConfigFromConfigFile(ConfigUtil.java:22)
	at ConfigUtil.getTypedConfigFromConfigFile(ConfigUtil.java:35)
	at ConfigProvider.get(ConfigProvider.java:21)
	at ProviderInternalFactory.provision(ProviderInternalFactory.java:86)
	at InternalFactoryToInitializableAdapter.provision(InternalFactoryToInitializableAdapter.java:57)
	at ProviderInternalFactory.circularGet(ProviderInternalFactory.java:60)
	at InternalFactoryToInitializableAdapter.get(InternalFactoryToInitializableAdapter.java:47)
	at ProviderToInternalFactoryAdapter.get(ProviderToInternalFactoryAdapter.java:40)
	at SingletonScope$1.get(SingletonScope.java:169)
	at InternalFactoryToProviderAdapter.get(InternalFactoryToProviderAdapter.java:45)
	at InternalInjectorCreator.loadEagerSingletons(InternalInjectorCreator.java:213)
	at InternalInjectorCreator.injectDynamically(InternalInjectorCreator.java:186)
	at InternalInjectorCreator.build(InternalInjectorCreator.java:113)
	at Guice.createInjector(Guice.java:87)
	at Guice.createInjector(Guice.java:69)
	at GuiceInjector.<init>(GuiceInjector.java:16)
	at GuiceInjector.initializeInjector(GuiceInjector.java:24)
	at MainLauncher.initializeGuiceInjector(MainLauncher.java:55)
	at MainLauncher.afterStartingVertx(MainLauncher.java:34)
	at BareCommand.afterStartingVertx(BareCommand.java:325)
	at BareCommand.startVertx(BareCommand.java:287)
	at BareCommand.run(BareCommand.java:192)
	at RunCommand.run(RunCommand.java:246)
	at VertxCommandLauncher.execute(VertxCommandLauncher.java:248)
	at VertxCommandLauncher.dispatch(VertxCommandLauncher.java:402)
	at VertxCommandLauncher.dispatch(VertxCommandLauncher.java:346)
	at MainLauncher.main(MainLauncher.java:20)

2) [Guice/ErrorInCustomProvider]: ConfigException$UnresolvedSubstitution: config/kafka-producer/test.conf @ jar:file:/Users/ravipandey/work/horizon/testlab/target/testlab/testlab-1.0-fat.jar!/config/kafka-producer/test.conf: 1: Could not resolve substitution to a value: ${kafka-producer.host}
  at ServiceModule.bindConfigs(ServiceModule.java:57)
  while locating KafkaProducerConfig

Learn more:
  https://github.com/google/guice/wiki/ERROR_IN_CUSTOM_PROVIDER
Caused by: ConfigException$UnresolvedSubstitution: config/kafka-producer/test.conf @ jar:file:/Users/ravipandey/work/horizon/testlab/target/testlab/testlab-1.0-fat.jar!/config/kafka-producer/test.conf: 1: Could not resolve substitution to a value: ${kafka-producer.host}
	at ConfigReference.resolveSubstitutions(ConfigReference.java:111)
	at ResolveContext.realResolve(ResolveContext.java:183)
	at ResolveContext.resolve(ResolveContext.java:146)
	at SimpleConfigObject$ResolveModifier.modifyChildMayThrow(SimpleConfigObject.java:380)
	at SimpleConfigObject.modifyMayThrow(SimpleConfigObject.java:313)
	at SimpleConfigObject.resolveSubstitutions(SimpleConfigObject.java:399)
	at ResolveContext.realResolve(ResolveContext.java:183)
	at ResolveContext.resolve(ResolveContext.java:146)
	at ResolveContext.resolve(ResolveContext.java:235)
	at SimpleConfig.resolveWith(SimpleConfig.java:79)
	at SimpleConfig.resolve(SimpleConfig.java:69)
	at SimpleConfig.resolve(SimpleConfig.java:42)
	at ConfigFactory.load(ConfigFactory.java:219)
	at ConfigFactory.load(ConfigFactory.java:119)
	at ConfigFactory.load(ConfigFactory.java:79)
	at ConfigUtil.getConfigFromConfigFile(ConfigUtil.java:22)
	at ConfigUtil.getTypedConfigFromConfigFile(ConfigUtil.java:35)
	at ConfigProvider.get(ConfigProvider.java:21)
	at ProviderInternalFactory.provision(ProviderInternalFactory.java:86)
	at InternalFactoryToInitializableAdapter.provision(InternalFactoryToInitializableAdapter.java:57)
	at ProviderInternalFactory.circularGet(ProviderInternalFactory.java:60)
	at InternalFactoryToInitializableAdapter.get(InternalFactoryToInitializableAdapter.java:47)
	at ProviderToInternalFactoryAdapter.get(ProviderToInternalFactoryAdapter.java:40)
	at SingletonScope$1.get(SingletonScope.java:169)
	at InternalFactoryToProviderAdapter.get(InternalFactoryToProviderAdapter.java:45)
	at InternalInjectorCreator.loadEagerSingletons(InternalInjectorCreator.java:213)
	at InternalInjectorCreator.injectDynamically(InternalInjectorCreator.java:186)
	at InternalInjectorCreator.build(InternalInjectorCreator.java:113)
	at Guice.createInjector(Guice.java:87)
	at Guice.createInjector(Guice.java:69)
	at GuiceInjector.<init>(GuiceInjector.java:16)
	at GuiceInjector.initializeInjector(GuiceInjector.java:24)
	at MainLauncher.initializeGuiceInjector(MainLauncher.java:55)
	at MainLauncher.afterStartingVertx(MainLauncher.java:34)
	at BareCommand.afterStartingVertx(BareCommand.java:325)
	at BareCommand.startVertx(BareCommand.java:287)
	at BareCommand.run(BareCommand.java:192)
	at RunCommand.run(RunCommand.java:246)
	at VertxCommandLauncher.execute(VertxCommandLauncher.java:248)
	at VertxCommandLauncher.dispatch(VertxCommandLauncher.java:402)
	at VertxCommandLauncher.dispatch(VertxCommandLauncher.java:346)
	at MainLauncher.main(MainLauncher.java:20)

3) [Guice/ErrorInCustomProvider]: ConfigException$UnresolvedSubstitution: config/mysql/test.conf @ jar:file:/Users/ravipandey/work/horizon/testlab/target/testlab/testlab-1.0-fat.jar!/config/mysql/test.conf: 5: Could not resolve substitution to a value: ${mysql.password}
  at ServiceModule.bindConfigs(ServiceModule.java:58)
  while locating MySQLConfig

Learn more:
  https://github.com/google/guice/wiki/ERROR_IN_CUSTOM_PROVIDER
Caused by: ConfigException$UnresolvedSubstitution: config/mysql/test.conf @ jar:file:/Users/ravipandey/work/horizon/testlab/target/testlab/testlab-1.0-fat.jar!/config/mysql/test.conf: 5: Could not resolve substitution to a value: ${mysql.password}
	at ConfigReference.resolveSubstitutions(ConfigReference.java:111)
	at ResolveContext.realResolve(ResolveContext.java:183)
	at ResolveContext.resolve(ResolveContext.java:146)
	at SimpleConfigObject$ResolveModifier.modifyChildMayThrow(SimpleConfigObject.java:380)
	at SimpleConfigObject.modifyMayThrow(SimpleConfigObject.java:313)
	at SimpleConfigObject.resolveSubstitutions(SimpleConfigObject.java:399)
	at ResolveContext.realResolve(ResolveContext.java:183)
	at ResolveContext.resolve(ResolveContext.java:146)
	at SimpleConfigObject$ResolveModifier.modifyChildMayThrow(SimpleConfigObject.java:380)
	at SimpleConfigObject.modifyMayThrow(SimpleConfigObject.java:313)
	at SimpleConfigObject.resolveSubstitutions(SimpleConfigObject.java:399)
	at ResolveContext.realResolve(ResolveContext.java:183)
	at ResolveContext.resolve(ResolveContext.java:146)
	at SimpleConfigObject$ResolveModifier.modifyChildMayThrow(SimpleConfigObject.java:380)
	at SimpleConfigObject.modifyMayThrow(SimpleConfigObject.java:313)
	at SimpleConfigObject.resolveSubstitutions(SimpleConfigObject.java:399)
	at ResolveContext.realResolve(ResolveContext.java:183)
	at ResolveContext.resolve(ResolveContext.java:146)
	at ResolveContext.resolve(ResolveContext.java:235)
	at SimpleConfig.resolveWith(SimpleConfig.java:79)
	at SimpleConfig.resolve(SimpleConfig.java:69)
	at SimpleConfig.resolve(SimpleConfig.java:42)
	at ConfigFactory.load(ConfigFactory.java:219)
	at ConfigFactory.load(ConfigFactory.java:119)
	at ConfigFactory.load(ConfigFactory.java:79)
	at ConfigUtil.getConfigFromConfigFile(ConfigUtil.java:22)
	at ConfigUtil.getTypedConfigFromConfigFile(ConfigUtil.java:35)
	at ConfigProvider.get(ConfigProvider.java:21)
	at ProviderInternalFactory.provision(ProviderInternalFactory.java:86)
	at InternalFactoryToInitializableAdapter.provision(InternalFactoryToInitializableAdapter.java:57)
	at ProviderInternalFactory.circularGet(ProviderInternalFactory.java:60)
	at InternalFactoryToInitializableAdapter.get(InternalFactoryToInitializableAdapter.java:47)
	at ProviderToInternalFactoryAdapter.get(ProviderToInternalFactoryAdapter.java:40)
	at SingletonScope$1.get(SingletonScope.java:169)
	at InternalFactoryToProviderAdapter.get(InternalFactoryToProviderAdapter.java:45)
	at InternalInjectorCreator.loadEagerSingletons(InternalInjectorCreator.java:213)
	at InternalInjectorCreator.injectDynamically(InternalInjectorCreator.java:186)
	at InternalInjectorCreator.build(InternalInjectorCreator.java:113)
	at Guice.createInjector(Guice.java:87)
	at Guice.createInjector(Guice.java:69)
	at GuiceInjector.<init>(GuiceInjector.java:16)
	at GuiceInjector.initializeInjector(GuiceInjector.java:24)
	at MainLauncher.initializeGuiceInjector(MainLauncher.java:55)
	at MainLauncher.afterStartingVertx(MainLauncher.java:34)
	at BareCommand.afterStartingVertx(BareCommand.java:325)
	at BareCommand.startVertx(BareCommand.java:287)
	at BareCommand.run(BareCommand.java:192)
	at RunCommand.run(RunCommand.java:246)
	at VertxCommandLauncher.execute(VertxCommandLauncher.java:248)
	at VertxCommandLauncher.dispatch(VertxCommandLauncher.java:402)
	at VertxCommandLauncher.dispatch(VertxCommandLauncher.java:346)
	at MainLauncher.main(MainLauncher.java:20)

3 errors

======================
Full classname legend:
======================
AerospikeConfig:                        "com.ascend.testlab.config.AerospikeConfig"
BareCommand:                            "io.vertx.core.impl.launcher.commands.BareCommand"
ConfigException$UnresolvedSubstitution: "com.typesafe.config.ConfigException$UnresolvedSubstitution"
ConfigFactory:                          "com.typesafe.config.ConfigFactory"
ConfigProvider:                         "com.ascend.testlab.config.provider.ConfigProvider"
ConfigReference:                        "com.typesafe.config.impl.ConfigReference"
ConfigUtil:                             "com.ascend.testlab.util.ConfigUtil"
Guice:                                  "com.google.inject.Guice"
GuiceInjector:                          "com.ascend.testlab.injection.GuiceInjector"
InternalFactoryToInitializableAdapter:  "com.google.inject.internal.InternalFactoryToInitializableAdapter"
InternalFactoryToProviderAdapter:       "com.google.inject.internal.InternalFactoryToProviderAdapter"
InternalInjectorCreator:                "com.google.inject.internal.InternalInjectorCreator"
KafkaProducerConfig:                    "com.ascend.testlab.config.KafkaProducerConfig"
MainLauncher:                           "com.ascend.testlab.MainLauncher"
MySQLConfig:                            "com.ascend.testlab.config.MySQLConfig"
ProviderInternalFactory:                "com.google.inject.internal.ProviderInternalFactory"
ProviderToInternalFactoryAdapter:       "com.google.inject.internal.ProviderToInternalFactoryAdapter"
ResolveContext:                         "com.typesafe.config.impl.ResolveContext"
RunCommand:                             "io.vertx.core.impl.launcher.commands.RunCommand"
ServiceModule:                          "com.ascend.testlab.injection.module.ServiceModule"
SimpleConfig:                           "com.typesafe.config.impl.SimpleConfig"
SimpleConfigObject:                     "com.typesafe.config.impl.SimpleConfigObject"
SimpleConfigObject$ResolveModifier:     "com.typesafe.config.impl.SimpleConfigObject$ResolveModifier"
SingletonScope$1:                       "com.google.inject.internal.SingletonScope$1"
VertxCommandLauncher:                   "io.vertx.core.impl.launcher.VertxCommandLauncher"
========================
End of classname legend:
========================

	at com.google.inject.internal.Errors.throwCreationExceptionIfErrorsExist(Errors.java:589)
	at com.google.inject.internal.InternalInjectorCreator.injectDynamically(InternalInjectorCreator.java:190)
	at com.google.inject.internal.InternalInjectorCreator.build(InternalInjectorCreator.java:113)
	at com.google.inject.Guice.createInjector(Guice.java:87)
	at com.google.inject.Guice.createInjector(Guice.java:69)
	at com.ascend.testlab.injection.GuiceInjector.<init>(GuiceInjector.java:16)
	at com.ascend.testlab.injection.GuiceInjector.initializeInjector(GuiceInjector.java:24)
	at com.ascend.testlab.MainLauncher.initializeGuiceInjector(MainLauncher.java:55)
	at com.ascend.testlab.MainLauncher.afterStartingVertx(MainLauncher.java:34)
	at io.vertx.core.impl.launcher.commands.BareCommand.afterStartingVertx(BareCommand.java:325)
	at io.vertx.core.impl.launcher.commands.BareCommand.startVertx(BareCommand.java:287)
	at io.vertx.core.impl.launcher.commands.BareCommand.run(BareCommand.java:192)
	at io.vertx.core.impl.launcher.commands.RunCommand.run(RunCommand.java:246)
	at io.vertx.core.impl.launcher.VertxCommandLauncher.execute(VertxCommandLauncher.java:248)
	at io.vertx.core.impl.launcher.VertxCommandLauncher.dispatch(VertxCommandLauncher.java:402)
	at io.vertx.core.impl.launcher.VertxCommandLauncher.dispatch(VertxCommandLauncher.java:346)
	at com.ascend.testlab.MainLauncher.main(MainLauncher.java:20)
